<?xml version="1.0" encoding="UTF-8"?>
<project xsi:schemaLocation="http://maven.apache.org/POM/4.0.0 https://maven.apache.org/xsd/maven-4.0.0.xsd" xmlns="http://maven.apache.org/POM/4.0.0"
    xmlns:xsi="http://www.w3.org/2001/XMLSchema-instance">
  <modelVersion>4.0.0</modelVersion>
  <groupId>org.test</groupId>
  <artifactId>junit-bom</artifactId>
  <version>1.0</version>
  <packaging>pom</packaging>
  <properties>
    <version.junit>4.8</version.junit>
    <version.org.apache.maven>3.0</version.org.apache.maven>
    <version.org.codehaus.plexus>2.0.4</version.org.codehaus.plexus>
  </properties>
  <dependencyManagement>
    <dependencies>
      <dependency>
        <groupId>junit</groupId>
        <artifactId>junit</artifactId>
        <version>${version.junit}</version>
      </dependency>
      <dependency>
        <groupId>org.apache.maven</groupId>
        <artifactId>maven-artifact</artifactId>
        <version>${version.org.apache.maven}</version>
      </dependency>
      <dependency>
        <groupId>org.codehaus.plexus</groupId>
        <artifactId>plexus-utils</artifactId>
        <version>${version.org.codehaus.plexus}</version>
      </dependency>
    </dependencies>
  </dependencyManagement>
</project>
